﻿00:00 +0: loading C:/Users/MAGNO/Documents/Pessoal/Projeto Chronos Devin/Chronos/app/test/widget_test.dart
00:00 +0: App smoke test
ÔòÉÔòÉÔòí EXCEPTION CAUGHT BY WIDGETS LIBRARY Ôò×ÔòÉÔòÉÔòÉÔòÉÔòÉÔòÉÔòÉÔòÉÔòÉÔòÉÔòÉÔòÉÔòÉÔòÉÔòÉÔòÉÔòÉÔòÉÔòÉÔòÉÔòÉÔòÉÔòÉÔòÉÔòÉÔòÉÔòÉÔòÉÔòÉÔòÉÔòÉÔòÉÔòÉÔòÉÔòÉÔòÉÔòÉÔòÉÔòÉÔòÉÔòÉÔòÉÔòÉÔòÉÔòÉÔòÉÔòÉÔòÉÔòÉÔòÉÔòÉÔòÉÔòÉÔòÉÔòÉÔòÉÔòÉÔòÉÔòÉ
The following StateError was thrown building KeyedSubtree-[<ChronosTab.home>]:
Bad state: A infraestrutura do Supabase n├úo foi inicializada. Certifique-se de chamar
SupabaseConfig.initialize() antes de ler o client.

The relevant error-causing widget was:
  KeyedSubtree-[<ChronosTab.home>]
  KeyedSubtree:file:///C:/Users/MAGNO/Documents/Pessoal/Projeto%20Chronos%20Devin/Chronos/app/lib/presentation/pages/navigation/app_shell.dart:311:14

When the exception was thrown, this was the stack:
#0      SupabaseConfig.client (package:chronos/core/config/supabase_config.dart:64:7)
#1      new HomeRepository (package:chronos/core/home/home_repository.dart:71:81)
#2      new HomeController (package:chronos/presentation/controllers/home_controller.dart:54:37)
#3      _HomePageState.initState (package:chronos/presentation/pages/home/home_page.dart:29:19)
#4      StatefulElement._firstBuild (package:flutter/src/widgets/framework.dart:5950:55)
#5      ComponentElement.mount (package:flutter/src/widgets/framework.dart:5793:5)
...     Normal element mounting (27 frames)
#32     Element.inflateWidget (package:flutter/src/widgets/framework.dart:4587:20)
#33     MultiChildRenderObjectElement.inflateWidget (package:flutter/src/widgets/framework.dart:7264:36)
#34     MultiChildRenderObjectElement.mount (package:flutter/src/widgets/framework.dart:7279:32)
...     Normal element mounting (33 frames)
#67     Element.inflateWidget (package:flutter/src/widgets/framework.dart:4587:20)
#68     MultiChildRenderObjectElement.inflateWidget (package:flutter/src/widgets/framework.dart:7264:36)
#69     MultiChildRenderObjectElement.mount (package:flutter/src/widgets/framework.dart:7279:32)
...     Normal element mounting (109 frames)
#178    Element.inflateWidget (package:flutter/src/widgets/framework.dart:4587:20)
#179    MultiChildRenderObjectElement.inflateWidget (package:flutter/src/widgets/framework.dart:7264:36)
#180    MultiChildRenderObjectElement.mount (package:flutter/src/widgets/framework.dart:7279:32)
...     Normal element mounting (25 frames)
#205    Element.inflateWidget (package:flutter/src/widgets/framework.dart:4587:20)
#206    MultiChildRenderObjectElement.inflateWidget (package:flutter/src/widgets/framework.dart:7264:36)
#207    MultiChildRenderObjectElement.mount (package:flutter/src/widgets/framework.dart:7279:32)
...     Normal element mounting (103 frames)
#310    Element.inflateWidget (package:flutter/src/widgets/framework.dart:4587:20)
#311    Element.updateChild (package:flutter/src/widgets/framework.dart:4059:18)
#312    _LayoutBuilderElement._rebuildWithConstraints.updateChildCallback (package:flutter/src/widgets/layout_builder.dart:247:18)
#313    BuildOwner.buildScope (package:flutter/src/widgets/framework.dart:3101:19)
#314    _LayoutBuilderElement._rebuildWithConstraints (package:flutter/src/widgets/layout_builder.dart:270:12)
#315    RenderAbstractLayoutBuilderMixin.layoutCallback (package:flutter/src/widgets/layout_builder.dart:333:38)
#316    RenderObjectWithLayoutCallbackMixin.runLayoutCallback.<anonymous closure> (package:flutter/src/rendering/object.dart:4302:33)
#317    RenderObject.invokeLayoutCallback.<anonymous closure> (package:flutter/src/rendering/object.dart:3026:17)
#318    PipelineOwner._enableMutationsToDirtySubtrees (package:flutter/src/rendering/object.dart:1223:15)
#319    RenderObject.invokeLayoutCallback (package:flutter/src/rendering/object.dart:3025:14)
#320    RenderObjectWithLayoutCallbackMixin.runLayoutCallback (package:flutter/src/rendering/object.dart:4302:5)
#321    _RenderLayoutBuilder.performLayout (package:flutter/src/widgets/layout_builder.dart:447:5)
#322    RenderObject.layout (package:flutter/src/rendering/object.dart:2907:7)
#323    RenderProxyBoxMixin.performLayout (package:flutter/src/rendering/proxy_box.dart:118:18)
#324    RenderObject.layout (package:flutter/src/rendering/object.dart:2907:7)
#325    RenderProxyBoxMixin.performLayout (package:flutter/src/rendering/proxy_box.dart:118:18)
#326    RenderObject.layout (package:flutter/src/rendering/object.dart:2907:7)
#327    RenderProxyBoxMixin.performLayout (package:flutter/src/rendering/proxy_box.dart:118:18)
#328    RenderObject.layout (package:flutter/src/rendering/object.dart:2907:7)
#329    RenderProxyBoxMixin.performLayout (package:flutter/src/rendering/proxy_box.dart:118:18)
#330    RenderObject.layout (package:flutter/src/rendering/object.dart:2907:7)
#331    RenderProxyBoxMixin.performLayout (package:flutter/src/rendering/proxy_box.dart:118:18)
#332    RenderObject.layout (package:flutter/src/rendering/object.dart:2907:7)
#333    RenderProxyBoxMixin.performLayout (package:flutter/src/rendering/proxy_box.dart:118:18)
#334    RenderObject.layout (package:flutter/src/rendering/object.dart:2907:7)
#335    RenderProxyBoxMixin.performLayout (package:flutter/src/rendering/proxy_box.dart:118:18)
#336    RenderObject.layout (package:flutter/src/rendering/object.dart:2907:7)
#337    RenderProxyBoxMixin.performLayout (package:flutter/src/rendering/proxy_box.dart:118:18)
#338    RenderObject.layout (package:flutter/src/rendering/object.dart:2907:7)
#339    RenderProxyBoxMixin.performLayout (package:flutter/src/rendering/proxy_box.dart:118:18)
#340    RenderObject.layout (package:flutter/src/rendering/object.dart:2907:7)
#341    RenderProxyBoxMixin.performLayout (package:flutter/src/rendering/proxy_box.dart:118:18)
#342    RenderObject.layout (package:flutter/src/rendering/object.dart:2907:7)
#343    RenderProxyBoxMixin.performLayout (package:flutter/src/rendering/proxy_box.dart:118:18)
#344    RenderObject.layout (package:flutter/src/rendering/object.dart:2907:7)
#345    RenderProxyBoxMixin.performLayout (package:flutter/src/rendering/proxy_box.dart:118:18)
#346    RenderObject.layout (package:flutter/src/rendering/object.dart:2907:7)
#347    RenderProxyBoxMixin.performLayout (package:flutter/src/rendering/proxy_box.dart:118:18)
#348    RenderObject.layout (package:flutter/src/rendering/object.dart:2907:7)
#349    RenderProxyBoxMixin.performLayout (package:flutter/src/rendering/proxy_box.dart:118:18)
#350    RenderObject.layout (package:flutter/src/rendering/object.dart:2907:7)
#351    RenderProxyBoxMixin.performLayout (package:flutter/src/rendering/proxy_box.dart:118:18)
#352    RenderObject.layout (package:flutter/src/rendering/object.dart:2907:7)
#353    RenderProxyBoxMixin.performLayout (package:flutter/src/rendering/proxy_box.dart:118:18)
#354    RenderOffstage.performLayout (package:flutter/src/rendering/proxy_box.dart:3923:13)
#355    RenderObject.layout (package:flutter/src/rendering/object.dart:2907:7)
#356    RenderProxyBoxMixin.performLayout (package:flutter/src/rendering/proxy_box.dart:118:18)
#357    RenderObject.layout (package:flutter/src/rendering/object.dart:2907:7)
#358    _RenderTheaterMixin.layoutChild (package:flutter/src/widgets/overlay.dart:1124:13)
#359    _RenderTheater.performLayout (package:flutter/src/widgets/overlay.dart:1481:9)
#360    RenderObject.layout (package:flutter/src/rendering/object.dart:2907:7)
#361    RenderProxyBoxMixin.performLayout (package:flutter/src/rendering/proxy_box.dart:118:18)
#362    RenderObject.layout (package:flutter/src/rendering/object.dart:2907:7)
#363    RenderProxyBoxMixin.performLayout (package:flutter/src/rendering/proxy_box.dart:118:18)
#364    RenderObject.layout (package:flutter/src/rendering/object.dart:2907:7)
#365    RenderProxyBoxMixin.performLayout (package:flutter/src/rendering/proxy_box.dart:118:18)
#366    RenderObject.layout (package:flutter/src/rendering/object.dart:2907:7)
#367    RenderProxyBoxMixin.performLayout (package:flutter/src/rendering/proxy_box.dart:118:18)
#368    RenderObject.layout (package:flutter/src/rendering/object.dart:2907:7)
#369    RenderProxyBoxMixin.performLayout (package:flutter/src/rendering/proxy_box.dart:118:18)
#370    RenderObject.layout (package:flutter/src/rendering/object.dart:2907:7)
#371    RenderProxyBoxMixin.performLayout (package:flutter/src/rendering/proxy_box.dart:118:18)
#372    RenderObject.layout (package:flutter/src/rendering/object.dart:2907:7)
#373    RenderProxyBoxMixin.performLayout (package:flutter/src/rendering/proxy_box.dart:118:18)
#374    RenderObject.layout (package:flutter/src/rendering/object.dart:2907:7)
#375    RenderProxyBoxMixin.performLayout (package:flutter/src/rendering/proxy_box.dart:118:18)
#376    RenderObject.layout (package:flutter/src/rendering/object.dart:2907:7)
#377    RenderProxyBoxMixin.performLayout (package:flutter/src/rendering/proxy_box.dart:118:18)
#378    RenderObject.layout (package:flutter/src/rendering/object.dart:2907:7)
#379    RenderView.performLayout (package:flutter/src/rendering/view.dart:292:12)
#380    RenderObject._layoutWithoutResize (package:flutter/src/rendering/object.dart:2755:7)
#381    PipelineOwner.flushLayout (package:flutter/src/rendering/object.dart:1174:18)
#382    PipelineOwner.flushLayout (package:flutter/src/rendering/object.dart:1187:15)
#383    AutomatedTestWidgetsFlutterBinding.drawFrame (package:flutter_test/src/binding.dart:2433:27)
#384    RendererBinding._handlePersistentFrameCallback (package:flutter/src/rendering/binding.dart:509:5)
#385    SchedulerBinding._invokeFrameCallback (package:flutter/src/scheduler/binding.dart:1430:15)
#386    SchedulerBinding.handleDrawFrame (package:flutter/src/scheduler/binding.dart:1345:9)
#387    AutomatedTestWidgetsFlutterBinding.pump.<anonymous closure> (package:flutter_test/src/binding.dart:2260:9)
#390    TestAsyncUtils.guard (package:flutter_test/src/test_async_utils.dart:74:41)
#391    AutomatedTestWidgetsFlutterBinding.pump (package:flutter_test/src/binding.dart:2249:27)
#392    WidgetTester.pumpWidget.<anonymous closure> (package:flutter_test/src/widget_tester.dart:598:22)
#395    TestAsyncUtils.guard (package:flutter_test/src/test_async_utils.dart:74:41)
#396    WidgetTester.pumpWidget (package:flutter_test/src/widget_tester.dart:595:27)
#397    main.<anonymous closure> (file:///C:/Users/MAGNO/Documents/Pessoal/Projeto%20Chronos%20Devin/Chronos/app/test/widget_test.dart:19:18)
#398    testWidgets.<anonymous closure>.<anonymous closure> (package:flutter_test/src/widget_tester.dart:192:29)
<asynchronous suspension>
#399    TestWidgetsFlutterBinding._runTestBody (package:flutter_test/src/binding.dart:1952:5)
<asynchronous suspension>
<asynchronous suspension>
(elided 5 frames from dart:async and package:stack_trace)

ÔòÉÔòÉÔòÉÔòÉÔòÉÔòÉÔòÉÔòÉÔòÉÔòÉÔòÉÔòÉÔòÉÔòÉÔòÉÔòÉÔòÉÔòÉÔòÉÔòÉÔòÉÔòÉÔòÉÔòÉÔòÉÔòÉÔòÉÔòÉÔòÉÔòÉÔòÉÔòÉÔòÉÔòÉÔòÉÔòÉÔòÉÔòÉÔòÉÔòÉÔòÉÔòÉÔòÉÔòÉÔòÉÔòÉÔòÉÔòÉÔòÉÔòÉÔòÉÔòÉÔòÉÔòÉÔòÉÔòÉÔòÉÔòÉÔòÉÔòÉÔòÉÔòÉÔòÉÔòÉÔòÉÔòÉÔòÉÔòÉÔòÉÔòÉÔòÉÔòÉÔòÉÔòÉÔòÉÔòÉÔòÉÔòÉÔòÉÔòÉÔòÉÔòÉÔòÉÔòÉÔòÉÔòÉÔòÉÔòÉÔòÉÔòÉÔòÉÔòÉÔòÉÔòÉÔòÉÔòÉÔòÉÔòÉÔòÉÔòÉ
00:00 +0 -1: App smoke test [E]
  Test failed. See exception logs above.
  The test description was: App smoke test
  
00:01 +0 -1: Some tests failed.

Failing tests:
  C:/Users/MAGNO/Documents/Pessoal/Projeto Chronos Devin/Chronos/app/test/widget_test.dart: App smoke test
